{
  "kind" : "Program",
  "declarations" : [ ],
  "statements" : [ {
    "kind" : "ExprStmt",
    "expr" : {
      "kind" : "IntegerLiteral",
      "value" : 3,
      "location" : [ 1, 5, 1, 5 ]
    },
    "location" : [ 1, 5, 1, 5 ]
  } ],
  "errors" : {
    "errors" : [ {
      "kind" : "SyntaxError",
      "message" : "Parse error near token INTEGER: 2",
      "location" : [ 1, 3, 1, 3 ]
    } ],
    "kind" : "Errors",
    "location" : [ 0, 0, 0, 0 ]
  },
  "location" : [ 1, 5, 1, 5 ]
}